2022-11-15 15:25:26,161: INFO: This is base url
2022-11-15 15:25:26,165: INFO: Passed testcas
2022-11-15 15:43:25,163: INFO: This is base url
2022-11-15 15:43:25,169: INFO: Passed testcas
2022-11-16 10:48:32,648: INFO: This is base url
2022-11-16 10:48:32,654: INFO: Passed testcas
2022-11-16 11:47:51,633: INFO: This is base url
2022-11-16 11:47:51,636: INFO: Passed testcas
2022-11-16 11:48:07,570: INFO: This is base url
2022-11-16 11:48:07,582: INFO: Passed testcas
2022-11-16 11:48:50,940: INFO: This is base url
2022-11-16 11:48:50,944: INFO: Passed testcas
2022-11-16 11:49:15,661: INFO: This is base url
2022-11-16 11:49:15,665: INFO: Passed testcas
2022-11-16 11:49:44,994: INFO: This is base url
2022-11-16 11:49:45,008: INFO: Passed testcas
2022-11-16 11:50:48,531: INFO: This is base url
2022-11-16 11:50:48,534: INFO: Passed testcas
2022-11-16 12:05:36,571: INFO: This is base url
2022-11-16 12:05:36,581: INFO: Passed testcas
2022-11-16 12:05:53,064: INFO: This is base url
2022-11-16 12:05:53,077: INFO: Passed testcas
2022-11-16 12:12:15,881: INFO: This is base url
2022-11-16 12:12:15,885: INFO: Passed testcas
2022-11-16 12:17:12,127: INFO: This is base url
2022-11-16 12:17:12,130: INFO: Passed testcas
2022-11-16 12:17:27,889: INFO: This is base url
2022-11-16 12:17:27,893: INFO: Passed testcas
2022-11-16 12:22:45,819: INFO: This is base url
2022-11-16 12:22:45,835: INFO: Passed testcas
2022-11-16 12:23:34,806: INFO: This is base url
2022-11-16 12:23:34,823: INFO: Passed testcas
2022-11-16 12:24:06,705: INFO: This is base url
2022-11-16 12:24:06,718: INFO: Passed testcas
2022-11-16 12:26:07,460: INFO: This is base url
2022-11-16 12:26:07,465: INFO: Passed testcas
2022-11-16 12:31:55,809: INFO: This is base url
2022-11-16 12:31:55,813: INFO: Passed testcas
2022-11-16 12:38:08,862: INFO: This is base url
2022-11-16 12:38:08,876: INFO: Passed testcas
2022-11-16 15:17:04,827: INFO: This is base url
2022-11-16 15:17:04,831: INFO: Passed testcas
2022-11-16 15:17:52,100: INFO: This is base url
2022-11-16 15:17:52,104: INFO: Passed testcas
2022-11-24 17:22:25,813: INFO: This is base url
2022-11-24 17:22:25,824: INFO: Passed testcas
2022-11-24 17:26:53,951: INFO: This is base url
2022-11-24 17:26:53,959: INFO: Passed testcas
2022-11-24 17:38:19,926: INFO: This is base url
2022-11-24 17:38:19,939: INFO: Passed testcas
